Component: ARM Compiler 5.05 update 1 (build 106) Tool: armlink [4d0efa]

==============================================================================

Section Cross References

    main.o(.text) refers to adc.o(.text) for Get_Adc
    main.o(.text) refers to os_time.o(.text) for OSTimeDlyHMSM
    main.o(.text) refers to os_cpu_a.o(.text) for OS_CPU_SR_Save
    main.o(.text) refers to master.o(.text) for modbus_rtu
    main.o(.text) refers to wdg.o(.text) for IWDG_Feed
    main.o(.text) refers to os_mbox.o(.text) for OSMboxCreate
    main.o(.text) refers to os_core.o(.text) for OSStatInit
    main.o(.text) refers to os_task.o(.text) for OSTaskCreate
    main.o(.text) refers to delay.o(.text) for delay_init
    main.o(.text) refers to misc.o(.text) for NVIC_PriorityGroupConfig
    main.o(.text) refers to usart.o(.text) for uart1_init
    main.o(.text) refers to led.o(.text) for LED_Init
    main.o(.text) refers to noretval__2printf.o(.text) for __2printf
    main.o(.text) refers to lwip_comm.o(.text) for lwip_comm_init
    main.o(.text) refers to tcp_client_demo.o(.text) for tcp_client_init
    main.o(.text) refers to main.o(.data) for ain_buff
    main.o(.text) refers to tcp_client_demo.o(.bss) for tcp_client_sendbuf
    main.o(.text) refers to main.o(.bss) for LED_TASK_STK
    system_stm32f10x.o(.text) refers to system_stm32f10x.o(.data) for SystemCoreClock
    startup_stm32f10x_hd.o(STACK) refers (Special) to heapauxi.o(.text) for __use_two_region_memory
    startup_stm32f10x_hd.o(HEAP) refers (Special) to heapauxi.o(.text) for __use_two_region_memory
    startup_stm32f10x_hd.o(RESET) refers (Special) to heapauxi.o(.text) for __use_two_region_memory
    startup_stm32f10x_hd.o(RESET) refers to startup_stm32f10x_hd.o(STACK) for __initial_sp
    startup_stm32f10x_hd.o(RESET) refers to startup_stm32f10x_hd.o(.text) for Reset_Handler
    startup_stm32f10x_hd.o(RESET) refers to stm32f10x_it.o(.text) for NMI_Handler
    startup_stm32f10x_hd.o(RESET) refers to os_cpu_a.o(.text) for PendSV_Handler
    startup_stm32f10x_hd.o(RESET) refers to delay.o(.text) for SysTick_Handler
    startup_stm32f10x_hd.o(RESET) refers to enc28j60.o(.text) for EXTI9_5_IRQHandler
    startup_stm32f10x_hd.o(RESET) refers to timer.o(.text) for TIM3_IRQHandler
    startup_stm32f10x_hd.o(RESET) refers to spi.o(.text) for SPI2_IRQHandler
    startup_stm32f10x_hd.o(RESET) refers to usart.o(.text) for USART1_IRQHandler
    startup_stm32f10x_hd.o(.text) refers (Special) to heapauxi.o(.text) for __use_two_region_memory
    startup_stm32f10x_hd.o(.text) refers to system_stm32f10x.o(.text) for SystemInit
    startup_stm32f10x_hd.o(.text) refers to __main.o(!!!main) for __main
    startup_stm32f10x_hd.o(.text) refers to startup_stm32f10x_hd.o(HEAP) for Heap_Mem
    startup_stm32f10x_hd.o(.text) refers to startup_stm32f10x_hd.o(STACK) for Stack_Mem
    stm32f10x_rcc.o(.text) refers to stm32f10x_rcc.o(.data) for APBAHBPrescTable
    stm32f10x_spi.o(.text) refers to stm32f10x_rcc.o(.text) for RCC_APB2PeriphResetCmd
    stm32f10x_usart.o(.text) refers to stm32f10x_rcc.o(.text) for RCC_APB2PeriphResetCmd
    stm32f10x_gpio.o(.text) refers to stm32f10x_rcc.o(.text) for RCC_APB2PeriphResetCmd
    stm32f10x_tim.o(.text) refers to stm32f10x_rcc.o(.text) for RCC_APB2PeriphResetCmd
    stm32f10x_wwdg.o(.text) refers to stm32f10x_rcc.o(.text) for RCC_APB1PeriphResetCmd
    stm32f10x_adc.o(.text) refers to stm32f10x_rcc.o(.text) for RCC_APB2PeriphResetCmd
    delay.o(.text) refers to os_core.o(.text) for OSSchedLock
    delay.o(.text) refers to os_time.o(.text) for OSTimeDly
    delay.o(.text) refers to misc.o(.text) for SysTick_CLKSourceConfig
    delay.o(.text) refers to os_core.o(.data) for OSRunning
    delay.o(.text) refers to system_stm32f10x.o(.data) for SystemCoreClock
    delay.o(.text) refers to delay.o(.data) for fac_us
    usart.o(.text) refers (Special) to use_no_semi_2.o(.text) for __use_no_semihosting
    usart.o(.text) refers to stm32f10x_usart.o(.text) for USART_GetFlagStatus
    usart.o(.text) refers to stm32f10x_rcc.o(.text) for RCC_APB2PeriphClockCmd
    usart.o(.text) refers to stm32f10x_gpio.o(.text) for GPIO_Init
    usart.o(.text) refers to misc.o(.text) for NVIC_Init
    usart.o(.text) refers to usart.o(.data) for USART_RX_STA
    usart.o(.text) refers to usart.o(.bss) for USART_RX_BUF
    usart.o(.bss) refers (Special) to use_no_semi_2.o(.text) for __use_no_semihosting
    usart.o(.data) refers (Special) to use_no_semi_2.o(.text) for __use_no_semihosting
    led.o(.text) refers to stm32f10x_rcc.o(.text) for RCC_APB2PeriphClockCmd
    led.o(.text) refers to stm32f10x_gpio.o(.text) for GPIO_Init
    spi.o(.text) refers to stm32f10x_spi.o(.text) for SPI_I2S_GetFlagStatus
    spi.o(.text) refers to stm32f10x_rcc.o(.text) for RCC_APB2PeriphClockCmd
    spi.o(.text) refers to stm32f10x_gpio.o(.text) for GPIO_Init
    spi.o(.text) refers to misc.o(.text) for NVIC_Init
    spi.o(.text) refers to os_core.o(.text) for OSIntEnter
[...]
    TIM_SetIC2Prescaler                      0x08001b21   Thumb Code    26  stm32f10x_tim.o(.text)
    TIM_SetIC1Prescaler                      0x08001bbd   Thumb Code    18  stm32f10x_tim.o(.text)
    TIM_ICInit                               0x08001c3b   Thumb Code   150  stm32f10x_tim.o(.text)
    TIM_PWMIConfig                           0x08001cd1   Thumb Code   124  stm32f10x_tim.o(.text)
    TIM_BDTRConfig                           0x08001d4d   Thumb Code    32  stm32f10x_tim.o(.text)
    TIM_TimeBaseStructInit                   0x08001d6d   Thumb Code    18  stm32f10x_tim.o(.text)
    TIM_OCStructInit                         0x08001d7f   Thumb Code    20  stm32f10x_tim.o(.text)
    TIM_ICStructInit                         0x08001d93   Thumb Code    18  stm32f10x_tim.o(.text)
    TIM_BDTRStructInit                       0x08001da5   Thumb Code    40  stm32f10x_tim.o(.text)
    TIM_Cmd                                  0x08001dcd   Thumb Code    24  stm32f10x_tim.o(.text)
    TIM_CtrlPWMOutputs                       0x08001de5   Thumb Code    30  stm32f10x_tim.o(.text)
    TIM_ITConfig                             0x08001e03   Thumb Code    18  stm32f10x_tim.o(.text)
    TIM_GenerateEvent                        0x08001e15   Thumb Code     4  stm32f10x_tim.o(.text)
    TIM_DMAConfig                            0x08001e19   Thumb Code    10  stm32f10x_tim.o(.text)
    TIM_DMACmd                               0x08001e23   Thumb Code    18  stm32f10x_tim.o(.text)
    TIM_InternalClockConfig                  0x08001e35   Thumb Code    12  stm32f10x_tim.o(.text)
    TIM_SelectInputTrigger                   0x08001e41   Thumb Code    18  stm32f10x_tim.o(.text)
    TIM_ITRxExternalClockConfig              0x08001e53   Thumb Code    24  stm32f10x_tim.o(.text)
    TIM_TIxExternalClockConfig               0x08001e6b   Thumb Code    62  stm32f10x_tim.o(.text)
    TIM_ETRConfig                            0x08001ea9   Thumb Code    28  stm32f10x_tim.o(.text)
    TIM_ETRClockMode1Config                  0x08001ec5   Thumb Code    54  stm32f10x_tim.o(.text)
    TIM_ETRClockMode2Config                  0x08001efb   Thumb Code    32  stm32f10x_tim.o(.text)
    TIM_PrescalerConfig                      0x08001f1b   Thumb Code     6  stm32f10x_tim.o(.text)
    TIM_CounterModeConfig                    0x08001f21   Thumb Code    18  stm32f10x_tim.o(.text)
    TIM_EncoderInterfaceConfig               0x08001f33   Thumb Code    66  stm32f10x_tim.o(.text)
    TIM_ForcedOC1Config                      0x08001f75   Thumb Code    18  stm32f10x_tim.o(.text)
    TIM_ForcedOC2Config                      0x08001f87   Thumb Code    26  stm32f10x_tim.o(.text)
    TIM_ForcedOC3Config                      0x08001fa1   Thumb Code    18  stm32f10x_tim.o(.text)
    TIM_ForcedOC4Config                      0x08001fb3   Thumb Code    26  stm32f10x_tim.o(.text)
    TIM_ARRPreloadConfig                     0x08001fcd   Thumb Code    24  stm32f10x_tim.o(.text)
    TIM_SelectCOM                            0x08001fe5   Thumb Code    24  stm32f10x_tim.o(.text)
    TIM_SelectCCDMA                          0x08001ffd   Thumb Code    24  stm32f10x_tim.o(.text)
    TIM_CCPreloadControl                     0x08002015   Thumb Code    24  stm32f10x_tim.o(.text)
    TIM_OC1PreloadConfig                     0x0800202d   Thumb Code    18  stm32f10x_tim.o(.text)
    TIM_OC2PreloadConfig                     0x0800203f   Thumb Code    26  stm32f10x_tim.o(.text)
    TIM_OC3PreloadConfig                     0x08002059   Thumb Code    18  stm32f10x_tim.o(.text)
    TIM_OC4PreloadConfig                     0x0800206b   Thumb Code    26  stm32f10x_tim.o(.text)
    TIM_OC1FastConfig                        0x08002085   Thumb Code    18  stm32f10x_tim.o(.text)
    TIM_OC2FastConfig                        0x08002097   Thumb Code    26  stm32f10x_tim.o(.text)
    TIM_OC3FastConfig                        0x080020b1   Thumb Code    18  stm32f10x_tim.o(.text)
    TIM_OC4FastConfig                        0x080020c3   Thumb Code    26  stm32f10x_tim.o(.text)
    TIM_ClearOC1Ref                          0x080020dd   Thumb Code    18  stm32f10x_tim.o(.text)
    TIM_ClearOC2Ref                          0x080020ef   Thumb Code    24  stm32f10x_tim.o(.text)
    TIM_ClearOC3Ref                          0x08002107   Thumb Code    18  stm32f10x_tim.o(.text)
    TIM_ClearOC4Ref                          0x08002119   Thumb Code    24  stm32f10x_tim.o(.text)
    TIM_OC1PolarityConfig                    0x08002131   Thumb Code    18  stm32f10x_tim.o(.text)
    TIM_OC1NPolarityConfig                   0x08002143   Thumb Code    18  stm32f10x_tim.o(.text)
    TIM_OC2PolarityConfig                    0x08002155   Thumb Code    26  stm32f10x_tim.o(.text)
    TIM_OC2NPolarityConfig                   0x0800216f   Thumb Code    26  stm32f10x_tim.o(.text)
    TIM_OC3PolarityConfig                    0x08002189   Thumb Code    26  stm32f10x_tim.o(.text)
    TIM_OC3NPolarityConfig                   0x080021a3   Thumb Code    26  stm32f10x_tim.o(.text)
    TIM_OC4PolarityConfig                    0x080021bd   Thumb Code    26  stm32f10x_tim.o(.text)
    TIM_CCxCmd                               0x080021d7   Thumb Code    30  stm32f10x_tim.o(.text)
    TIM_CCxNCmd                              0x080021f5   Thumb Code    30  stm32f10x_tim.o(.text)
    TIM_SelectOCxM                           0x08002213   Thumb Code    82  stm32f10x_tim.o(.text)
    TIM_UpdateDisableConfig                  0x08002265   Thumb Code    24  stm32f10x_tim.o(.text)
    TIM_UpdateRequestConfig                  0x0800227d   Thumb Code    24  stm32f10x_tim.o(.text)
    TIM_SelectHallSensor                     0x08002295   Thumb Code    24  stm32f10x_tim.o(.text)
    TIM_SelectOnePulseMode                   0x080022ad   Thumb Code    18  stm32f10x_tim.o(.text)
    TIM_SelectOutputTrigger                  0x080022bf   Thumb Code    18  stm32f10x_tim.o(.text)
    TIM_SelectSlaveMode                      0x080022d1   Thumb Code    18  stm32f10x_tim.o(.text)
    TIM_SelectMasterSlaveMode                0x080022e3   Thumb Code    18  stm32f10x_tim.o(.text)
    TIM_SetCounter                           0x080022f5   Thumb Code     4  stm32f10x_tim.o(.text)
    TIM_SetAutoreload                        0x080022f9   Thumb Code     4  stm32f10x_tim.o(.text)
    TIM_SetCompare1                          0x080022fd   Thumb Code     4  stm32f10x_tim.o(.text)
    TIM_SetCompare2                          0x08002301   Thumb Code     4  stm32f10x_tim.o(.text)
    TIM_SetCompare3                          0x08002305   Thumb Code     4  stm32f10x_tim.o(.text)
    TIM_SetCompare4                          0x08002309   Thumb Code     6  stm32f10x_tim.o(.text)
    TIM_SetClockDivision                     0x0800230f   Thumb Code    18  stm32f10x_tim.o(.text)
    TIM_GetCapture1                          0x08002321   Thumb Code     6  stm32f10x_tim.o(.text)
    TIM_GetCapture2                          0x08002327   Thumb Code     6  stm32f10x_tim.o(.text)
    TIM_GetCapture3                          0x0800232d   Thumb Code     6  stm32f10x_tim.o(.text)
    TIM_GetCapture4                          0x08002333   Thumb Code     8  stm32f10x_tim.o(.text)
    TIM_GetCounter                           0x0800233b   Thumb Code     6  stm32f10x_tim.o(.text)
    TIM_GetPrescaler                         0x08002341   Thumb Code     6  stm32f10x_tim.o(.text)
    TIM_GetFlagStatus                        0x08002347   Thumb Code    18  stm32f10x_tim.o(.text)
    TIM_ClearFlag                            0x08002359   Thumb Code     6  stm32f10x_tim.o(.text)
    TIM_GetITStatus                          0x0800235f   Thumb Code    34  stm32f10x_tim.o(.text)
    TIM_ClearITPendingBit                    0x08002381   Thumb Code     6  stm32f10x_tim.o(.text)
    EXTI_DeInit                              0x08002389   Thumb Code    28  stm32f10x_exti.o(.text)
    EXTI_Init                                0x080023a5   Thumb Code   142  stm32f10x_exti.o(.text)
    EXTI_StructInit                          0x08002433   Thumb Code    16  stm32f10x_exti.o(.text)
    EXTI_GenerateSWInterrupt                 0x08002443   Thumb Code    16  stm32f10x_exti.o(.text)
    EXTI_GetFlagStatus                       0x08002453   Thumb Code    22  stm32f10x_exti.o(.text)
    EXTI_ClearFlag                           0x08002469   Thumb Code     8  stm32f10x_exti.o(.text)
    EXTI_GetITStatus                         0x08002471   Thumb Code    34  stm32f10x_exti.o(.text)
    EXTI_ClearITPendingBit                   0x08002493   Thumb Code     8  stm32f10x_exti.o(.text)
    IWDG_WriteAccessCmd                      0x080024a5   Thumb Code     6  stm32f10x_iwdg.o(.text)
    IWDG_SetPrescaler                        0x080024ab   Thumb Code     6  stm32f10x_iwdg.o(.text)
    IWDG_SetReload                           0x080024b1   Thumb Code     6  stm32f10x_iwdg.o(.text)
    IWDG_ReloadCounter                       0x080024b7   Thumb Code    10  stm32f10x_iwdg.o(.text)
    IWDG_Enable                              0x080024c1   Thumb Code    10  stm32f10x_iwdg.o(.text)
    IWDG_GetFlagStatus                       0x080024cb   Thumb Code    20  stm32f10x_iwdg.o(.text)
    ADC_DeInit                               0x080024e5   Thumb Code    78  stm32f10x_adc.o(.text)
    ADC_Init                                 0x08002533   Thumb Code    70  stm32f10x_adc.o(.text)
    ADC_StructInit                           0x08002579   Thumb Code    18  stm32f10x_adc.o(.text)
    ADC_Cmd                                  0x0800258b   Thumb Code    22  stm32f10x_adc.o(.text)
    ADC_DMACmd                               0x080025a1   Thumb Code    22  stm32f10x_adc.o(.text)
    ADC_ITConfig                             0x080025b7   Thumb Code    24  stm32f10x_adc.o(.text)
    ADC_ResetCalibration                     0x080025cf   Thumb Code    10  stm32f10x_adc.o(.text)
    ADC_GetResetCalibrationStatus            0x080025d9   Thumb Code    20  stm32f10x_adc.o(.text)
    ADC_StartCalibration                     0x080025ed   Thumb Code    10  stm32f10x_adc.o(.text)
    ADC_GetCalibrationStatus                 0x080025f7   Thumb Code    20  stm32f10x_adc.o(.text)
    ADC_SoftwareStartConvCmd                 0x0800260b   Thumb Code    22  stm32f10x_adc.o(.text)
    ADC_GetSoftwareStartConvStatus           0x08002621   Thumb Code    20  stm32f10x_adc.o(.text)
    ADC_DiscModeChannelCountConfig           0x08002635   Thumb Code    24  stm32f10x_adc.o(.text)
    ADC_DiscModeCmd                          0x0800264d   Thumb Code    22  stm32f10x_adc.o(.text)
    ADC_RegularChannelConfig                 0x08002663   Thumb Code   184  stm32f10x_adc.o(.text)
    ADC_ExternalTrigConvCmd                  0x0800271b   Thumb Code    22  stm32f10x_adc.o(.text)
    ADC_GetConversionValue                   0x08002731   Thumb Code     8  stm32f10x_adc.o(.text)
    ADC_GetDualModeConversionValue           0x08002739   Thumb Code     8  stm32f10x_adc.o(.text)
    ADC_AutoInjectedConvCmd                  0x08002741   Thumb Code    22  stm32f10x_adc.o(.text)
    ADC_InjectedDiscModeCmd                  0x08002757   Thumb Code    22  stm32f10x_adc.o(.text)
    ADC_ExternalTrigInjectedConvConfig       0x0800276d   Thumb Code    16  stm32f10x_adc.o(.text)
    ADC_ExternalTrigInjectedConvCmd          0x0800277d   Thumb Code    22  stm32f10x_adc.o(.text)
    ADC_SoftwareStartInjectedConvCmd         0x08002793   Thumb Code    22  stm32f10x_adc.o(.text)
    ADC_GetSoftwareStartInjectedConvCmdStatus 0x080027a9   Thumb Code    20  stm32f10x_adc.o(.text)
    ADC_InjectedChannelConfig                0x080027bd   Thumb Code   130  stm32f10x_adc.o(.text)
    ADC_InjectedSequencerLengthConfig        0x0800283f   Thumb Code    24  stm32f10x_adc.o(.text)
    ADC_SetInjectedOffset                    0x08002857   Thumb Code    20  stm32f10x_adc.o(.text)
    ADC_GetInjectedConversionValue           0x0800286b   Thumb Code    28  stm32f10x_adc.o(.text)
    ADC_AnalogWatchdogCmd                    0x08002887   Thumb Code    16  stm32f10x_adc.o(.text)
    ADC_AnalogWatchdogThresholdsConfig       0x08002897   Thumb Code     6  stm32f10x_adc.o(.text)
    ADC_AnalogWatchdogSingleChannelConfig    0x0800289d   Thumb Code    16  stm32f10x_adc.o(.text)
    ADC_TempSensorVrefintCmd                 0x080028ad   Thumb Code    64  stm32f10x_adc.o(.text)
    ADC_GetFlagStatus                        0x080028ed   Thumb Code    18  stm32f10x_adc.o(.text)
    ADC_ClearFlag                            0x080028ff   Thumb Code     6  stm32f10x_adc.o(.text)
    ADC_GetITStatus                          0x08002905   Thumb Code    36  stm32f10x_adc.o(.text)
    ADC_ClearITPendingBit                    0x08002929   Thumb Code    10  stm32f10x_adc.o(.text)
    DMA_DeInit                               0x08002935   Thumb Code   324  stm32f10x_dma.o(.text)
    DMA_Init                                 0x08002a79   Thumb Code    60  stm32f10x_dma.o(.text)
    DMA_StructInit                           0x08002ab5   Thumb Code    26  stm32f10x_dma.o(.text)
    DMA_Cmd                                  0x08002acf   Thumb Code    24  stm32f10x_dma.o(.text)
    DMA_ITConfig                             0x08002ae7   Thumb Code    18  stm32f10x_dma.o(.text)
    DMA_SetCurrDataCounter                   0x08002af9   Thumb Code     4  stm32f10x_dma.o(.text)
    DMA_GetCurrDataCounter                   0x08002afd   Thumb Code     8  stm32f10x_dma.o(.text)
    DMA_GetFlagStatus                        0x08002b05   Thumb Code    40  stm32f10x_dma.o(.text)
    DMA_ClearFlag                            0x08002b2d   Thumb Code    22  stm32f10x_dma.o(.text)
    DMA_GetITStatus                          0x08002b43   Thumb Code    40  stm32f10x_dma.o(.text)
    DMA_ClearITPendingBit                    0x08002b6b   Thumb Code    22  stm32f10x_dma.o(.text)
    delay_osschedlock                        0x08002b89   Thumb Code     8  delay.o(.text)
    delay_osschedunlock                      0x08002b91   Thumb Code     8  delay.o(.text)
    delay_ostimedly                          0x08002b99   Thumb Code    12  delay.o(.text)
    SysTick_Handler                          0x08002ba5   Thumb Code    24  delay.o(.text)
    delay_init                               0x08002bbd   Thumb Code    76  delay.o(.text)
    delay_us                                 0x08002c09   Thumb Code    86  delay.o(.text)
    delay_ms                                 0x08002c5f   Thumb Code    66  delay.o(.text)
    _sys_exit                                0x08002cb9   Thumb Code     6  usart.o(.text)
    fputc                                    0x08002cbf   Thumb Code    32  usart.o(.text)
    uart1_init                               0x08002cdf   Thumb Code   158  usart.o(.text)
    USART1_IRQHandler                        0x08002d7d   Thumb Code   122  usart.o(.text)
    uart2_init                               0x08002df7   Thumb Code   192  usart.o(.text)
    beginSend                                0x08002eb7   Thumb Code    44  usart.o(.text)
    USART2_IRQHandler                        0x08002ee3   Thumb Code   124  usart.o(.text)
    LED_Init                                 0x08002f8d   Thumb Code    50  led.o(.text)
    SPI1_ReadWriteByte                       0x08002fc5   Thumb Code    78  spi.o(.text)
    SPI1_Init                                0x08003013   Thumb Code   108  spi.o(.text)
    SPI2_Init                                0x0800307f   Thumb Code   150  spi.o(.text)
    SPI1_SetSpeed                            0x08003115   Thumb Code    34  spi.o(.text)
    SPI2_SetSpeed                            0x08003137   Thumb Code    36  spi.o(.text)
    SPI2_ReadWriteByte                       0x0800315b   Thumb Code    78  spi.o(.text)
    SPI_ISRHandler                           0x080031a9   Thumb Code    26  spi.o(.text)
    SPI2_IRQHandler                          0x080031c3   Thumb Code    28  spi.o(.text)
    ENC28J60_Read_Op                         0x080031fd   Thumb Code    60  enc28j60.o(.text)
    ENC28J60_Write_Op                        0x08003239   Thumb Code    50  enc28j60.o(.text)
    ENC28J60_Set_Bank                        0x0800326b   Thumb Code    48  enc28j60.o(.text)
    ENC28J60_Read                            0x0800329b   Thumb Code    20  enc28j60.o(.text)
    ENC28J60_Write                           0x080032af   Thumb Code    24  enc28j60.o(.text)
    ENC28J60_PHY_Read                        0x080032c7   Thumb Code    94  enc28j60.o(.text)
    ENC28J60_Get_Duplex                      0x08003325   Thumb Code    16  enc28j60.o(.text)
    ENC28J60_PHY_Write                       0x08003335   Thumb Code    60  enc28j60.o(.text)
    ENC28J60_Get_EREVID                      0x08003371   Thumb Code    14  enc28j60.o(.text)
    ENC28J60_Init                            0x0800337f   Thumb Code   752  enc28j60.o(.text)
    ENC28J60_Read_Buf                        0x0800366f   Thumb Code    48  enc28j60.o(.text)
    ENC28J60_Write_Buf                       0x0800369f   Thumb Code    42  enc28j60.o(.text)
    ENC28J60_Packet_Send                     0x080036c9   Thumb Code   158  enc28j60.o(.text)
    ENC28J60_Packet_Receive                  0x08003767   Thumb Code   216  enc28j60.o(.text)
    ENC28J60_ISRHandler                      0x0800383f   Thumb Code   180  enc28j60.o(.text)
    EXTI9_5_IRQHandler                       0x080038f3   Thumb Code    32  enc28j60.o(.text)
    TIM3_Int_Init                            0x0800397d   Thumb Code    90  timer.o(.text)
    TIM3_IRQHandler                          0x080039d7   Thumb Code    20  timer.o(.text)
    IWDG_Init                                0x080039f1   Thumb Code    36  wdg.o(.text)
    IWDG_Feed                                0x08003a15   Thumb Code     8  wdg.o(.text)
    crc16                                    0x08003a1d   Thumb Code    48  master.o(.text)
    construct_rtu_frm                        0x08003a4d   Thumb Code    56  master.o(.text)
    rtu_read_hldreg                          0x08003a85   Thumb Code    80  master.o(.text)
    rtu_data_anlys                           0x08003ad5   Thumb Code   104  master.o(.text)
    modbus_rtu                               0x08003b3d   Thumb Code   282  master.o(.text)
    Adc_Init                                 0x08003c85   Thumb Code   236  adc.o(.text)
    Get_Adc                                  0x08003d71   Thumb Code    52  adc.o(.text)
    mymemcpy                                 0x08003db5   Thumb Code    26  malloc.o(.text)
    mymemset                                 0x08003dcf   Thumb Code    20  malloc.o(.text)
    my_mem_init                              0x08003de3   Thumb Code    54  malloc.o(.text)
    my_mem_perused                           0x08003e19   Thumb Code    54  malloc.o(.text)
    my_mem_malloc                            0x08003e4f   Thumb Code   162  malloc.o(.text)
    my_mem_free                              0x08003ef1   Thumb Code    94  malloc.o(.text)
    myfree                                   0x08003f4f   Thumb Code    32  malloc.o(.text)
    mymalloc                                 0x08003f6f   Thumb Code    36  malloc.o(.text)
    myrealloc                                0x08003f93   Thumb Code    68  malloc.o(.text)
    lwip_pkt_handle                          0x08003fe9   Thumb Code    10  lwip_comm.o(.text)
    lwip_comm_mem_free                       0x08003ff3   Thumb Code    44  lwip_comm.o(.text)
    lwip_comm_mem_malloc                     0x0800401f   Thumb Code   116  lwip_comm.o(.text)
    lwip_comm_default_ip_set                 0x08004093   Thumb Code   104  lwip_comm.o(.text)
    lwip_comm_init                           0x080040fb   Thumb Code   266  lwip_comm.o(.text)
    tcp_client_init                          0x08004517   Thumb Code    32  tcp_client_demo.o(.text)
    etharp_tmr                               0x0800467d   Thumb Code   144  etharp.o(.text)
    etharp_cleanup_netif                     0x08004b5b   Thumb Code    52  etharp.o(.text)
    etharp_find_addr                         0x08004b8f   Thumb Code   110  etharp.o(.text)
    etharp_request                           0x08004e67   Thumb Code    40  etharp.o(.text)
    etharp_query                             0x08004f1d   Thumb Code   646  etharp.o(.text)
    etharp_output                            0x080051a3   Thumb Code   392  etharp.o(.text)
    ethernet_input                           0x0800532b   Thumb Code   204  etharp.o(.text)
    ethernetif_input                         0x08005583   Thumb Code    48  ethernetif.o(.text)
    ethernetif_init                          0x080055b3   Thumb Code    56  ethernetif.o(.text)
    icmp_input                               0x0800569d   Thumb Code   524  icmp.o(.text)
    icmp_dest_unreach                        0x08005949   Thumb Code    18  icmp.o(.text)
    icmp_time_exceeded                       0x0800595b   Thumb Code    18  icmp.o(.text)
    inet_chksum_pseudo                       0x08005b3f   Thumb Code   170  inet_chksum.o(.text)
    inet_chksum_pseudo_partial               0x08005be9   Thumb Code   218  inet_chksum.o(.text)
    inet_chksum                              0x08005cc3   Thumb Code    20  inet_chksum.o(.text)
    inet_chksum_pbuf                         0x08005cd7   Thumb Code    86  inet_chksum.o(.text)
    ip_route                                 0x08005d95   Thumb Code    80  ip.o(.text)
    ip_input                                 0x08005de5   Thumb Code   458  ip.o(.text)
    ip_output_if                             0x08005faf   Thumb Code   318  ip.o(.text)
    ip_output                                0x080060ed   Thumb Code    84  ip.o(.text)
    ip4_addr_isbroadcast                     0x080061ed   Thumb Code    78  ip_addr.o(.text)
    ip4_addr_netmask_valid                   0x0800623b   Thumb Code    56  ip_addr.o(.text)
    ipaddr_aton                              0x08006273   Thumb Code   364  ip_addr.o(.text)
    ipaddr_addr                              0x080063df   Thumb Code    24  ip_addr.o(.text)
    ipaddr_ntoa_r                            0x080063f7   Thumb Code   168  ip_addr.o(.text)
    ipaddr_ntoa                              0x0800649f   Thumb Code    16  ip_addr.o(.text)
    ip_reass_tmr                             0x08006669   Thumb Code    56  ip_frag.o(.text)
    ip_reass                                 0x08006aa5   Thumb Code   410  ip_frag.o(.text)
    ip_frag                                  0x08006cc5   Thumb Code   630  ip_frag.o(.text)
    lwip_htons                               0x08006f41   Thumb Code    12  def.o(.text)
    lwip_ntohs                               0x08006f4d   Thumb Code    12  def.o(.text)
    lwip_htonl                               0x08006f59   Thumb Code    26  def.o(.text)
    lwip_ntohl                               0x08006f73   Thumb Code    12  def.o(.text)
    lwip_init                                0x08006f7f   Thumb Code    36  init.o(.text)
    mem_init                                 0x0800707f   Thumb Code   114  mem.o(.text)
    mem_free                                 0x080070f1   Thumb Code   182  mem.o(.text)
    mem_trim                                 0x080071a7   Thumb Code   338  mem.o(.text)
    mem_malloc                               0x080072f9   Thumb Code   796  mem.o(.text)
    mem_calloc                               0x08007615   Thumb Code    34  mem.o(.text)
    memp_get_memorysize                      0x080076e9   Thumb Code     8  memp.o(.text)
    memp_init                                0x080076f1   Thumb Code    86  memp.o(.text)
    memp_malloc                              0x08007747   Thumb Code   104  memp.o(.text)
    memp_free                                0x080077af   Thumb Code    74  memp.o(.text)
    netif_init                               0x080078bd   Thumb Code     2  netif.o(.text)
    netif_set_gw                             0x080078bf   Thumb Code    16  netif.o(.text)
    netif_set_netmask                        0x080078cf   Thumb Code    16  netif.o(.text)
    netif_set_ipaddr                         0x080078df   Thumb Code   124  netif.o(.text)
    netif_set_addr                           0x0800795b   Thumb Code    40  netif.o(.text)
    netif_add                                0x08007983   Thumb Code   146  netif.o(.text)
    netif_set_default                        0x08007a15   Thumb Code    10  netif.o(.text)
    netif_set_down                           0x08007a1f   Thumb Code    42  netif.o(.text)
    netif_remove                             0x08007a49   Thumb Code    94  netif.o(.text)
    netif_find                               0x08007aa7   Thumb Code    72  netif.o(.text)
    netif_set_up                             0x08007aef   Thumb Code    54  netif.o(.text)
    netif_set_link_up                        0x08007b25   Thumb Code    54  netif.o(.text)
    netif_set_link_down                      0x08007b5b   Thumb Code    24  netif.o(.text)
    pbuf_free                                0x08007c71   Thumb Code   272  pbuf.o(.text)
    pbuf_alloc                               0x08007d81   Thumb Code  1148  pbuf.o(.text)
    pbuf_alloced_custom                      0x080081fd   Thumb Code   152  pbuf.o(.text)
    pbuf_realloc                             0x08008295   Thumb Code   268  pbuf.o(.text)
    pbuf_header                              0x080083a1   Thumb Code   214  pbuf.o(.text)
    pbuf_clen                                0x08008477   Thumb Code    18  pbuf.o(.text)
    pbuf_ref                                 0x08008489   Thumb Code    26  pbuf.o(.text)
    pbuf_cat                                 0x080084a3   Thumb Code   138  pbuf.o(.text)
    pbuf_chain                               0x0800852d   Thumb Code    26  pbuf.o(.text)
    pbuf_dechain                             0x08008547   Thumb Code   550  pbuf.o(.text)
    pbuf_copy                                0x0800876d   Thumb Code   350  pbuf.o(.text)
    pbuf_copy_partial                        0x080088cb   Thumb Code   190  pbuf.o(.text)
    pbuf_take                                0x08008989   Thumb Code   210  pbuf.o(.text)
    pbuf_coalesce                            0x08008a5b   Thumb Code    84  pbuf.o(.text)
    pbuf_get_at                              0x08008aaf   Thumb Code    46  pbuf.o(.text)
    pbuf_memcmp                              0x08008add   Thumb Code    96  pbuf.o(.text)
    pbuf_memfind                             0x08008b3d   Thumb Code   434  pbuf.o(.text)
    pbuf_strstr                              0x08008cef   Thumb Code    60  pbuf.o(.text)
    raw_input                                0x08008d2d   Thumb Code   102  raw.o(.text)
    raw_bind                                 0x08008d93   Thumb Code    16  raw.o(.text)
    raw_connect                              0x08008da3   Thumb Code    16  raw.o(.text)
    raw_recv                                 0x08008db3   Thumb Code     6  raw.o(.text)
    raw_sendto                               0x08008db9   Thumb Code   190  raw.o(.text)
    raw_send                                 0x08008e77   Thumb Code    18  raw.o(.text)
    raw_remove                               0x08008e89   Thumb Code    60  raw.o(.text)
    raw_new                                  0x08008ec5   Thumb Code    46  raw.o(.text)
    tcp_init                                 0x08008f79   Thumb Code     2  tcp.o(.text)
    tcp_seg_free                             0x08008f7b   Thumb Code    26  tcp.o(.text)
    tcp_segs_free                            0x08008f95   Thumb Code    24  tcp.o(.text)
    tcp_pcb_purge                            0x08008fad   Thumb Code   106  tcp.o(.text)
    tcp_slowtmr                              0x08009017   Thumb Code  1426  tcp.o(.text)
    tcp_pcb_remove                           0x080095a9   Thumb Code   222  tcp.o(.text)
    tcp_close                                0x08009853   Thumb Code    28  tcp.o(.text)
    tcp_update_rcv_ann_wnd                   0x0800986f   Thumb Code   394  tcp.o(.text)
    tcp_recved                               0x080099f9   Thumb Code   136  tcp.o(.text)
    tcp_recv_null                            0x08009a81   Thumb Code    46  tcp.o(.text)
    tcp_process_refused_data                 0x08009aaf   Thumb Code   152  tcp.o(.text)
    tcp_fasttmr                              0x08009b47   Thumb Code   114  tcp.o(.text)
    tcp_tmr                                  0x08009bb9   Thumb Code    30  tcp.o(.text)
    tcp_shutdown                             0x08009bd7   Thumb Code    98  tcp.o(.text)
    tcp_abandon                              0x08009c39   Thumb Code   178  tcp.o(.text)
    tcp_abort                                0x08009ceb   Thumb Code    14  tcp.o(.text)
    tcp_bind                                 0x08009d59   Thumb Code   372  tcp.o(.text)
    tcp_listen_with_backlog                  0x08009ed5   Thumb Code   222  tcp.o(.text)
    tcp_eff_send_mss                         0x08009fb3   Thumb Code    46  tcp.o(.text)
    tcp_next_iss                             0x08009fe1   Thumb Code    20  tcp.o(.text)
    tcp_connect                              0x08009ff5   Thumb Code   352  tcp.o(.text)
    tcp_setprio                              0x0800a155   Thumb Code     4  tcp.o(.text)
    tcp_seg_copy                             0x0800a159   Thumb Code    38  tcp.o(.text)
    tcp_alloc                                0x0800a205   Thumb Code   182  tcp.o(.text)
    tcp_new                                  0x0800a2bb   Thumb Code    10  tcp.o(.text)
    tcp_arg                                  0x0800a2c5   Thumb Code   132  tcp.o(.text)
    tcp_recv                                 0x0800a349   Thumb Code    44  tcp.o(.text)
    tcp_sent                                 0x0800a375   Thumb Code    42  tcp.o(.text)
    tcp_err                                  0x0800a39f   Thumb Code    44  tcp.o(.text)
    tcp_accept                               0x0800a3cb   Thumb Code     4  tcp.o(.text)
    tcp_poll                                 0x0800a3cf   Thumb Code    48  tcp.o(.text)
    tcp_debug_state_str                      0x0800a3ff   Thumb Code    10  tcp.o(.text)
    tcp_input                                0x0800bbc9   Thumb Code  1616  tcp_in.o(.text)
    tcp_enqueue_flags                        0x0800c3ad   Thumb Code   418  tcp_out.o(.text)
    tcp_send_fin                             0x0800c54f   Thumb Code    74  tcp_out.o(.text)
    tcp_write                                0x0800c833   Thumb Code  1744  tcp_out.o(.text)
    tcp_send_empty_ack                       0x0800cf03   Thumb Code   104  tcp_out.o(.text)
    tcp_output                               0x0800d053   Thumb Code   708  tcp_out.o(.text)
    tcp_rst                                  0x0800d317   Thumb Code   180  tcp_out.o(.text)
    tcp_rexmit_rto                           0x0800d3cb   Thumb Code    58  tcp_out.o(.text)
    tcp_rexmit                               0x0800d405   Thumb Code    90  tcp_out.o(.text)
    tcp_rexmit_fast                          0x0800d45f   Thumb Code   120  tcp_out.o(.text)
    tcp_keepalive                            0x0800d4d7   Thumb Code   102  tcp_out.o(.text)
    tcp_zero_window_probe                    0x0800d53d   Thumb Code   198  tcp_out.o(.text)
    sys_timeout                              0x0800d605   Thumb Code   174  timers.o(.text)
    tcp_timer_needed                         0x0800d6db   Thumb Code    38  timers.o(.text)
    sys_timeouts_init                        0x0800d735   Thumb Code    28  timers.o(.text)
    sys_untimeout                            0x0800d751   Thumb Code    90  timers.o(.text)
    sys_timeouts_mbox_fetch                  0x0800d7ab   Thumb Code   132  timers.o(.text)
    udp_init                                 0x0800d8e1   Thumb Code     2  udp.o(.text)
    udp_input                                0x0800d933   Thumb Code   490  udp.o(.text)
    udp_bind                                 0x0800db1d   Thumb Code   170  udp.o(.text)
    udp_sendto_if                            0x0800dbc7   Thumb Code   504  udp.o(.text)
    udp_sendto                               0x0800ddbf   Thumb Code    54  udp.o(.text)
    udp_send                                 0x0800ddf5   Thumb Code    20  udp.o(.text)
    udp_connect                              0x0800de09   Thumb Code    98  udp.o(.text)
    udp_disconnect                           0x0800de6b   Thumb Code    16  udp.o(.text)
    udp_recv                                 0x0800de7b   Thumb Code     6  udp.o(.text)
    udp_remove                               0x0800de81   Thumb Code    60  udp.o(.text)
    udp_new                                  0x0800debd   Thumb Code    28  udp.o(.text)
    sys_mbox_new                             0x0800dedd   Thumb Code   108  sys_arch.o(.text)
    sys_mbox_free                            0x0800df49   Thumb Code    56  sys_arch.o(.text)
    sys_mbox_post                            0x0800df81   Thumb Code    28  sys_arch.o(.text)
    sys_mbox_trypost                         0x0800df9d   Thumb Code    32  sys_arch.o(.text)
    sys_arch_mbox_fetch                      0x0800dfbd   Thumb Code   154  sys_arch.o(.text)
    sys_arch_mbox_tryfetch                   0x0800e057   Thumb Code    18  sys_arch.o(.text)
    sys_mbox_valid                           0x0800e069   Thumb Code    56  sys_arch.o(.text)
    sys_mbox_set_invalid                     0x0800e0a1   Thumb Code     6  sys_arch.o(.text)
    sys_sem_new                              0x0800e0a7   Thumb Code    62  sys_arch.o(.text)
    sys_arch_sem_wait                        0x0800e0e5   Thumb Code    96  sys_arch.o(.text)
    sys_sem_signal                           0x0800e145   Thumb Code    12  sys_arch.o(.text)
    sys_sem_free                             0x0800e151   Thumb Code    52  sys_arch.o(.text)
    sys_sem_valid                            0x0800e185   Thumb Code    22  sys_arch.o(.text)
    sys_sem_set_invalid                      0x0800e19b   Thumb Code     6  sys_arch.o(.text)
    sys_init                                 0x0800e1a1   Thumb Code     2  sys_arch.o(.text)
    sys_thread_new                           0x0800e1a3   Thumb Code    66  sys_arch.o(.text)
    sys_msleep                               0x0800e1e5   Thumb Code    12  sys_arch.o(.text)
    sys_now                                  0x0800e1f1   Thumb Code    26  sys_arch.o(.text)
    netconn_new_with_proto_and_callback      0x0800e2b1   Thumb Code   194  api_lib.o(.text)
    netconn_delete                           0x0800e373   Thumb Code    36  api_lib.o(.text)
    netconn_getaddr                          0x0800e397   Thumb Code   160  api_lib.o(.text)
    netconn_bind                             0x0800e437   Thumb Code    98  api_lib.o(.text)
    netconn_connect                          0x0800e499   Thumb Code    98  api_lib.o(.text)
    netconn_disconnect                       0x0800e4fb   Thumb Code    84  api_lib.o(.text)
    netconn_listen_with_backlog              0x0800e54f   Thumb Code    86  api_lib.o(.text)
    netconn_accept                           0x0800e5a5   Thumb Code   808  api_lib.o(.text)
    netconn_recv_tcp_pbuf                    0x0800ea43   Thumb Code    56  api_lib.o(.text)
    netconn_recv                             0x0800ea7b   Thumb Code   270  api_lib.o(.text)
    netconn_recved                           0x0800eb89   Thumb Code    46  api_lib.o(.text)
    netconn_send                             0x0800ebb7   Thumb Code    98  api_lib.o(.text)
    netconn_sendto                           0x0800ec19   Thumb Code    44  api_lib.o(.text)
    netconn_write_partly                     0x0800ec45   Thumb Code   434  api_lib.o(.text)
    netconn_close                            0x0800ee57   Thumb Code    14  api_lib.o(.text)
    netconn_shutdown                         0x0800ee65   Thumb Code    36  api_lib.o(.text)
    netconn_free                             0x0800f887   Thumb Code   330  api_msg.o(.text)
    netconn_alloc                            0x0800f9d1   Thumb Code   174  api_msg.o(.text)
    do_newconn                               0x0800fbe1   Thumb Code    32  api_msg.o(.text)
    do_delconn                               0x0800fccd   Thumb Code   636  api_msg.o(.text)
    do_bind                                  0x0800ff49   Thumb Code   116  api_msg.o(.text)
    do_connect                               0x08010091   Thumb Code   230  api_msg.o(.text)
    do_disconnect                            0x08010177   Thumb Code    46  api_msg.o(.text)
    do_listen                                0x080101a5   Thumb Code   388  api_msg.o(.text)
    do_send                                  0x08010329   Thumb Code   166  api_msg.o(.text)
    do_recv                                  0x080103cf   Thumb Code    72  api_msg.o(.text)
    do_write                                 0x08010417   Thumb Code   166  api_msg.o(.text)
    do_getaddr                               0x080104bd   Thumb Code   198  api_msg.o(.text)
    do_close                                 0x08010583   Thumb Code   184  api_msg.o(.text)
    netbuf_new                               0x0801066d   Thumb Code    30  netbuf.o(.text)
    netbuf_delete                            0x0801068b   Thumb Code    32  netbuf.o(.text)
    netbuf_alloc                             0x080106ab   Thumb Code   102  netbuf.o(.text)
    netbuf_free                              0x08010711   Thumb Code    48  netbuf.o(.text)
    netbuf_ref                               0x08010741   Thumb Code    92  netbuf.o(.text)
    netbuf_chain                             0x0801079d   Thumb Code    78  netbuf.o(.text)
    netbuf_data                              0x080107eb   Thumb Code   122  netbuf.o(.text)
    netbuf_next                              0x08010865   Thumb Code    64  netbuf.o(.text)
    netbuf_first                             0x080108a5   Thumb Code    36  netbuf.o(.text)
    lwip_socket_init                         0x08010a1d   Thumb Code     2  sockets.o(.text)
    lwip_accept                              0x08010cc9   Thumb Code   668  sockets.o(.text)
    lwip_bind                                0x08010f65   Thumb Code   186  sockets.o(.text)
    lwip_close                               0x0801101f   Thumb Code    94  sockets.o(.text)
    lwip_connect                             0x0801107d   Thumb Code   206  sockets.o(.text)
    lwip_listen                              0x0801114b   Thumb Code   136  sockets.o(.text)
    lwip_recvfrom                            0x080111d3   Thumb Code   816  sockets.o(.text)
    lwip_read                                0x08011503   Thumb Code    28  sockets.o(.text)
    lwip_recv                                0x0801151f   Thumb Code    34  sockets.o(.text)
    lwip_sendto                              0x08011541   Thumb Code   278  sockets.o(.text)
    lwip_send                                0x08011657   Thumb Code   156  sockets.o(.text)
    lwip_socket                              0x080116f3   Thumb Code   296  sockets.o(.text)
    lwip_write                               0x0801181b   Thumb Code    22  sockets.o(.text)
    lwip_select                              0x080119ad   Thumb Code   868  sockets.o(.text)
    lwip_shutdown                            0x08011d11   Thumb Code   298  sockets.o(.text)
    lwip_getpeername                         0x08011ebd   Thumb Code    22  sockets.o(.text)
    lwip_getsockname                         0x08011ed3   Thumb Code    22  sockets.o(.text)
    lwip_getsockopt                          0x080120e5   Thumb Code   410  sockets.o(.text)
    lwip_setsockopt                          0x08012435   Thumb Code   318  sockets.o(.text)
    lwip_ioctl                               0x08012573   Thumb Code   116  sockets.o(.text)
    lwip_fcntl                               0x080125e7   Thumb Code   142  sockets.o(.text)
    tcpip_input                              0x0801275b   Thumb Code    72  tcpip.o(.text)
    tcpip_callback_with_block                0x080127a3   Thumb Code    90  tcpip.o(.text)
    tcpip_timeout                            0x080127fd   Thumb Code    64  tcpip.o(.text)
    tcpip_untimeout                          0x0801283d   Thumb Code    56  tcpip.o(.text)
    tcpip_apimsg                             0x08012875   Thumb Code    60  tcpip.o(.text)
    tcpip_callbackmsg_new                    0x080128b1   Thumb Code    32  tcpip.o(.text)
    tcpip_callbackmsg_delete                 0x080128d1   Thumb Code    14  tcpip.o(.text)
    tcpip_trycallback                        0x080128df   Thumb Code    28  tcpip.o(.text)
    tcpip_init                               0x080128fb   Thumb Code    72  tcpip.o(.text)
    pbuf_free_callback                       0x08012951   Thumb Code    16  tcpip.o(.text)
    mem_free_callback                        0x08012961   Thumb Code    16  tcpip.o(.text)
    OS_StrLen                                0x08012a2d   Thumb Code    20  os_core.o(.text)
    OSEventNameGet                           0x08012a41   Thumb Code    98  os_core.o(.text)
    OSEventNameSet                           0x08012aa3   Thumb Code    84  os_core.o(.text)
    OS_TaskStatStkChk                        0x08012af7   Thumb Code    54  os_core.o(.text)
    OS_TaskStat                              0x08012b2d   Thumb Code   116  os_core.o(.text)
    OS_TaskIdle                              0x08012bd7   Thumb Code    34  os_core.o(.text)
    OS_MemClr                                0x08012c2f   Thumb Code    18  os_core.o(.text)
    OSInit                                   0x08012d57   Thumb Code    44  os_core.o(.text)
    OSIntEnter                               0x08012d83   Thumb Code    28  os_core.o(.text)
    OSIntExit                                0x08012db9   Thumb Code   252  os_core.o(.text)
    OSSchedLock                              0x08012eb5   Thumb Code    50  os_core.o(.text)
    OS_Sched                                 0x08012ee7   Thumb Code    88  os_core.o(.text)
    OSSchedUnlock                            0x08012f3f   Thumb Code    82  os_core.o(.text)
    OSStart                                  0x08012f91   Thumb Code    48  os_core.o(.text)
    OSStatInit                               0x08012fc1   Thumb Code    62  os_core.o(.text)
    OSTimeTick                               0x08012fff   Thumb Code   210  os_core.o(.text)
    OSVersion                                0x080130d1   Thumb Code     6  os_core.o(.text)
    OS_Dummy                                 0x080130d7   Thumb Code     2  os_core.o(.text)
    OS_EventTaskRemove                       0x080130d9   Thumb Code    42  os_core.o(.text)
    OS_EventTaskRdy                          0x08013103   Thumb Code   114  os_core.o(.text)
    OS_EventTaskWait                         0x08013175   Thumb Code   112  os_core.o(.text)
    OS_EventWaitListInit                     0x080131e5   Thumb Code    28  os_core.o(.text)
    OS_MemCopy                               0x08013201   Thumb Code    20  os_core.o(.text)
    OS_TCBInit                               0x08013215   Thumb Code   360  os_core.o(.text)
    OSFlagAccept                             0x08013391   Thumb Code   252  os_flag.o(.text)
    OSFlagCreate                             0x0801348d   Thumb Code    86  os_flag.o(.text)
    OS_FlagUnlink                            0x080134e3   Thumb Code    36  os_flag.o(.text)
    OSFlagDel                                0x08013559   Thumb Code   214  os_flag.o(.text)
    OSFlagNameGet                            0x0801362f   Thumb Code    80  os_flag.o(.text)
    OSFlagNameSet                            0x0801367f   Thumb Code    66  os_flag.o(.text)
    OSFlagPend                               0x08013759   Thumb Code   614  os_flag.o(.text)
    OSFlagPendGetFlagsRdy                    0x080139bf   Thumb Code    26  os_flag.o(.text)
    OSFlagPost                               0x080139d9   Thumb Code   312  os_flag.o(.text)
    OSFlagQuery                              0x08013b11   Thumb Code    48  os_flag.o(.text)
    OS_FlagInit                              0x08013b41   Thumb Code    78  os_flag.o(.text)
    OSMboxAccept                             0x08013b9d   Thumb Code    38  os_mbox.o(.text)
    OSMboxCreate                             0x08013bc3   Thumb Code    72  os_mbox.o(.text)
    OSMboxDel                                0x08013c0b   Thumb Code   210  os_mbox.o(.text)
    OSMboxPend                               0x08013cdd   Thumb Code   246  os_mbox.o(.text)
    OSMboxPendAbort                          0x08013dd3   Thumb Code   128  os_mbox.o(.text)
    OSMboxPost                               0x08013e53   Thumb Code    80  os_mbox.o(.text)
    OSMboxPostOpt                            0x08013ea3   Thumb Code   120  os_mbox.o(.text)
    OSMboxQuery                              0x08013f1b   Thumb Code    76  os_mbox.o(.text)
    OSQAccept                                0x08013f7d   Thumb Code    88  os_q.o(.text)
    OSQCreate                                0x08013fd5   Thumb Code   144  os_q.o(.text)
    OSQDel                                   0x08014065   Thumb Code   244  os_q.o(.text)
    OSQFlush                                 0x08014159   Thumb Code    36  os_q.o(.text)
    OSQPend                                  0x0801417d   Thumb Code   272  os_q.o(.text)
    OSQPendAbort                             0x0801428d   Thumb Code   128  os_q.o(.text)
    OSQPost                                  0x0801430d   Thumb Code   114  os_q.o(.text)
    OSQPostFront                             0x0801437f   Thumb Code   140  os_q.o(.text)
    OSQPostOpt                               0x0801440b   Thumb Code   182  os_q.o(.text)
    OSQQuery                                 0x080144c1   Thumb Code    98  os_q.o(.text)
    OS_QInit                                 0x08014523   Thumb Code    72  os_q.o(.text)
    OSSemAccept                              0x08014575   Thumb Code    42  os_sem.o(.text)
    OSSemCreate                              0x0801459f   Thumb Code    72  os_sem.o(.text)
    OSSemDel                                 0x080145e7   Thumb Code   210  os_sem.o(.text)
    OSSemPend                                0x080146b9   Thumb Code   222  os_sem.o(.text)
    OSSemPendAbort                           0x08014797   Thumb Code   128  os_sem.o(.text)
    OSSemPost                                0x08014817   Thumb Code    88  os_sem.o(.text)
    OSSemQuery                               0x0801486f   Thumb Code    76  os_sem.o(.text)
    OSSemSet                                 0x080148bb   Thumb Code    66  os_sem.o(.text)
    OSTaskChangePrio                         0x08014911   Thumb Code   308  os_task.o(.text)
    OSTaskCreate                             0x08014a45   Thumb Code   148  os_task.o(.text)
    OS_TaskStkClr                            0x08014ad9   Thumb Code    26  os_task.o(.text)
    OSTaskCreateExt                          0x08014af3   Thumb Code   170  os_task.o(.text)
    OSTaskDel                                0x08014b9d   Thumb Code   294  os_task.o(.text)
    OSTaskDelReq                             0x08014cc3   Thumb Code   144  os_task.o(.text)
    OSTaskNameGet                            0x08014d53   Thumb Code   114  os_task.o(.text)
    OSTaskNameSet                            0x08014dc5   Thumb Code    98  os_task.o(.text)
    OSTaskResume                             0x08014e27   Thumb Code   154  os_task.o(.text)
    OSTaskStkChk                             0x08014ec1   Thumb Code   132  os_task.o(.text)
    OSTaskSuspend                            0x08014f45   Thumb Code   152  os_task.o(.text)
    OSTaskQuery                              0x08014fdd   Thumb Code    82  os_task.o(.text)
    OSTaskRegGet                             0x0801502f   Thumb Code    60  os_task.o(.text)
    OSTaskRegSet                             0x0801506b   Thumb Code    62  os_task.o(.text)
    OS_TaskReturn                            0x080150a9   Thumb Code    18  os_task.o(.text)
    OSTimeDly                                0x080150d5   Thumb Code   100  os_time.o(.text)
    OSTimeDlyHMSM                            0x08015139   Thumb Code    86  os_time.o(.text)
    OSTimeDlyResume                          0x0801518f   Thumb Code   168  os_time.o(.text)
    OSTimeGet                                0x08015237   Thumb Code    24  os_time.o(.text)
    OSTimeSet                                0x0801524f   Thumb Code    24  os_time.o(.text)
    OS_CPU_SR_Save                           0x08015285   Thumb Code     0  os_cpu_a.o(.text)
    OS_CPU_SR_Restore                        0x0801528d   Thumb Code     0  os_cpu_a.o(.text)
    OSStartHighRdy                           0x08015293   Thumb Code     0  os_cpu_a.o(.text)
    OSCtxSw                                  0x080152b5   Thumb Code     0  os_cpu_a.o(.text)
    OSIntCtxSw                               0x080152c3   Thumb Code     0  os_cpu_a.o(.text)
    PendSV_Handler                           0x080152d3   Thumb Code     0  os_cpu_a.o(.text)
    OSInitHookBegin                          0x08015339   Thumb Code     2  os_cpu_c.o(.text)
    OSInitHookEnd                            0x0801533b   Thumb Code     2  os_cpu_c.o(.text)
    OSTaskCreateHook                         0x0801533d   Thumb Code     2  os_cpu_c.o(.text)
    OSTaskDelHook                            0x0801533f   Thumb Code     2  os_cpu_c.o(.text)
    OSTaskIdleHook                           0x08015341   Thumb Code     2  os_cpu_c.o(.text)
    OSTaskStatHook                           0x08015343   Thumb Code     2  os_cpu_c.o(.text)
    OSTaskStkInit                            0x08015345   Thumb Code   154  os_cpu_c.o(.text)
    OSTaskSwHook                             0x080153df   Thumb Code     2  os_cpu_c.o(.text)
    OSTCBInitHook                            0x080153e1   Thumb Code     2  os_cpu_c.o(.text)
    OSTimeTickHook                           0x080153e3   Thumb Code     2  os_cpu_c.o(.text)
    OSTaskReturnHook                         0x080153e5   Thumb Code     2  os_cpu_c.o(.text)
    __use_no_semihosting                     0x080153e7   Thumb Code     2  use_no_semi_2.o(.text)
    __rt_ctype_table                         0x080153e9   Thumb Code    16  rt_ctype_table.o(.text)
    __2printf                                0x080153f9   Thumb Code    20  noretval__2printf.o(.text)
    __printf                                 0x08015411   Thumb Code   104  __printf.o(.text)
    _printf_str                              0x08015479   Thumb Code    82  _printf_str.o(.text)
    _printf_int_dec                          0x080154cd   Thumb Code   104  _printf_dec.o(.text)
    memcmp                                   0x08015545   Thumb Code    88  memcmp.o(.text)
    strlen                                   0x0801559d   Thumb Code    62  strlen.o(.text)
    __aeabi_memcpy                           0x080155db   Thumb Code     0  rt_memcpy_v6.o(.text)
    __rt_memcpy                              0x080155db   Thumb Code   138  rt_memcpy_v6.o(.text)
    _memcpy_lastbytes                        0x08015641   Thumb Code     0  rt_memcpy_v6.o(.text)
    __aeabi_memcpy4                          0x08015665   Thumb Code     0  rt_memcpy_w.o(.text)
    __aeabi_memcpy8                          0x08015665   Thumb Code     0  rt_memcpy_w.o(.text)
    __rt_memcpy_w                            0x08015665   Thumb Code   100  rt_memcpy_w.o(.text)
    _memcpy_lastbytes_aligned                0x080156ad   Thumb Code     0  rt_memcpy_w.o(.text)
    __aeabi_memclr                           0x080156c9   Thumb Code     0  rt_memclr.o(.text)
    __rt_memclr                              0x080156c9   Thumb Code    68  rt_memclr.o(.text)
    _memset                                  0x080156cd   Thumb Code     0  rt_memclr.o(.text)
    __aeabi_memclr4                          0x0801570d   Thumb Code     0  rt_memclr_w.o(.text)
    __aeabi_memclr8                          0x0801570d   Thumb Code     0  rt_memclr_w.o(.text)
    __rt_memclr_w                            0x0801570d   Thumb Code    78  rt_memclr_w.o(.text)
    _memset_w                                0x08015711   Thumb Code     0  rt_memclr_w.o(.text)
    strcmp                                   0x0801575d   Thumb Code   128  strcmpv7m.o(.text)
    __use_two_region_memory                  0x080157dd   Thumb Code     2  heapauxi.o(.text)
    __rt_heap_escrow$2region                 0x080157df   Thumb Code     2  heapauxi.o(.text)
    __rt_heap_expand$2region                 0x080157e1   Thumb Code     2  heapauxi.o(.text)
    __I$use$semihosting                      0x080157e3   Thumb Code     0  use_no_semi.o(.text)
    __use_no_semihosting_swi                 0x080157e3   Thumb Code     2  use_no_semi.o(.text)
    __rt_locale                              0x080157e5   Thumb Code     8  rt_locale_intlibspace.o(.text)
    _printf_int_common                       0x080157ed   Thumb Code   178  _printf_intcommon.o(.text)
    _printf_cs_common                        0x0801589f   Thumb Code    20  _printf_char.o(.text)
    _printf_char                             0x080158b3   Thumb Code    16  _printf_char.o(.text)
    _printf_string                           0x080158c3   Thumb Code     8  _printf_char.o(.text)
    _printf_char_file                        0x080158cd   Thumb Code    32  _printf_char_file.o(.text)
    __user_libspace                          0x080158f1   Thumb Code     8  libspace.o(.text)
    __user_perproc_libspace                  0x080158f1   Thumb Code     0  libspace.o(.text)
    __user_perthread_libspace                0x080158f1   Thumb Code     0  libspace.o(.text)
    _printf_char_common                      0x08015903   Thumb Code    32  _printf_char_common.o(.text)
    ferror                                   0x08015929   Thumb Code     8  ferror.o(.text)
    __user_setup_stackheap                   0x08015931   Thumb Code    74  sys_stackheap_outer.o(.text)
    exit                                     0x0801597b   Thumb Code    12  exit.o(.text)
    _get_lc_ctype                            0x08015989   Thumb Code    44  lc_ctype_c.o(locale$$code)
    auchCRCHi                                0x080159b4   Data         256  master.o(.constdata)
    auchCRCLo                                0x08015ab4   Data         256  master.o(.constdata)
    memtblsize                               0x08015bb4   Data           8  malloc.o(.constdata)
    memblksize                               0x08015bbc   Data           8  malloc.o(.constdata)
    memsize                                  0x08015bc4   Data           8  malloc.o(.constdata)
    ethbroadcast                             0x08015bcc   Data           6  etharp.o(.constdata)
    ethzero                                  0x08015bd2   Data           6  etharp.o(.constdata)
    tcp_state_str                            0x08015c10   Data          44  tcp.o(.constdata)
    tcp_backoff                              0x08015c3c   Data          13  tcp.o(.constdata)
    tcp_persist_backoff                      0x08015c49   Data           7  tcp.o(.constdata)
    tcp_pcb_lists                            0x08015c50   Data          16  tcp.o(.constdata)
    pvNullPointer                            0x08015c60   Data           4  sys_arch.o(.constdata)
    OSUnMapTbl                               0x08015ca4   Data         256  os_core.o(.constdata)
    Region$$Table$$Base                      0x08015f50   Number         0  anon$$obj.o(Region$$Table)
    Region$$Table$$Limit                     0x08015f70   Number         0  anon$$obj.o(Region$$Table)
    __ctype                                  0x08015f7d   Data           0  lc_ctype_c.o(locale$$data)
    modbus_com2_over                         0x20000000   Data           1  main.o(.data)
    slaveraddr                               0x20000001   Data           1  main.o(.data)
    send_data                                0x20000002   Data           1  main.o(.data)
    arm_is_ok                                0x20000003   Data           1  main.o(.data)
    spi_is_ok                                0x20000004   Data           1  main.o(.data)
    ain_buff                                 0x20000006   Data           4  main.o(.data)
    mybox                                    0x2000000c   Data           4  main.o(.data)
    SystemCoreClock                          0x20000010   Data           4  system_stm32f10x.o(.data)
    AHBPrescTable                            0x20000014   Data          16  system_stm32f10x.o(.data)
    __stdout                                 0x2000003c   Data           4  usart.o(.data)
    receCount                                0x20000040   Data           1  usart.o(.data)
    sendCount                                0x20000041   Data           1  usart.o(.data)
    sendPosi                                 0x20000042   Data           1  usart.o(.data)
    USART_RX_STA                             0x20000044   Data           2  usart.o(.data)
    ready                                    0x20000046   Data           1  master.o(.data)
    FLAG_caiji                               0x20000047   Data           1  master.o(.data)
    n                                        0x20000048   Data           1  master.o(.data)
    AD_Value                                 0x2000004a   Data           4  adc.o(.data)
    mallco_dev                               0x20000050   Data          28  malloc.o(.data)
    LWIP_DHCP_TASK_STK                       0x2000006c   Data           4  lwip_comm.o(.data)
    TCPIP_THREAD_TASK_STK                    0x20000070   Data           4  lwip_comm.o(.data)
    dm9000input                              0x20000074   Data           4  lwip_comm.o(.data)
    dm9000lock                               0x20000078   Data           4  lwip_comm.o(.data)
    tcp_clientconn                           0x2000007c   Data           4  tcp_client_demo.o(.data)
    tcp_client_flag                          0x20000080   Data           1  tcp_client_demo.o(.data)
    current_netif                            0x20000094   Data           4  ip.o(.data)
    current_header                           0x20000098   Data           4  ip.o(.data)
    current_iphdr_src                        0x2000009c   Data           4  ip.o(.data)
    current_iphdr_dest                       0x200000a0   Data           4  ip.o(.data)
    ram_heap                                 0x200000b0   Data           4  mem.o(.data)
    memp_memory                              0x200000fc   Data           4  memp.o(.data)
    netif_list                               0x20000100   Data           4  netif.o(.data)
    netif_default                            0x20000104   Data           4  netif.o(.data)
    pbuf_free_ooseq_pending                  0x20000109   Data           1  pbuf.o(.data)
    tcp_ticks                                0x20000114   Data           4  tcp.o(.data)
    tcp_bound_pcbs                           0x20000118   Data           4  tcp.o(.data)
    tcp_listen_pcbs                          0x2000011c   Data           4  tcp.o(.data)
    tcp_active_pcbs                          0x20000120   Data           4  tcp.o(.data)
    tcp_tw_pcbs                              0x20000124   Data           4  tcp.o(.data)
    tcp_tmp_pcb                              0x20000128   Data           4  tcp.o(.data)
    tcp_active_pcbs_changed                  0x2000012c   Data           1  tcp.o(.data)
    tcp_input_pcb                            0x20000150   Data           4  tcp_in.o(.data)
    udp_pcbs                                 0x20000160   Data           4  udp.o(.data)
    OSCtxSwCtr                               0x20000178   Data           4  os_core.o(.data)
    OSEventFreeList                          0x2000017c   Data           4  os_core.o(.data)
    OSFlagFreeList                           0x20000180   Data           4  os_core.o(.data)
    OSCPUUsage                               0x20000184   Data           1  os_core.o(.data)
    OSIdleCtrMax                             0x20000188   Data           4  os_core.o(.data)
    OSIdleCtrRun                             0x2000018c   Data           4  os_core.o(.data)
    OSStatRdy                                0x20000190   Data           1  os_core.o(.data)
    OSIntNesting                             0x20000191   Data           1  os_core.o(.data)
    OSLockNesting                            0x20000192   Data           1  os_core.o(.data)
    OSPrioCur                                0x20000193   Data           1  os_core.o(.data)
    OSPrioHighRdy                            0x20000194   Data           1  os_core.o(.data)
    OSRdyGrp                                 0x20000195   Data           1  os_core.o(.data)
    OSRdyTbl                                 0x20000196   Data           8  os_core.o(.data)
    OSRunning                                0x2000019e   Data           1  os_core.o(.data)
    OSTaskCtr                                0x2000019f   Data           1  os_core.o(.data)
    OSIdleCtr                                0x200001a0   Data           4  os_core.o(.data)
    OSTCBCur                                 0x200001a4   Data           4  os_core.o(.data)
    OSTCBFreeList                            0x200001a8   Data           4  os_core.o(.data)
    OSTCBHighRdy                             0x200001ac   Data           4  os_core.o(.data)
    OSTCBList                                0x200001b0   Data           4  os_core.o(.data)
    OSTickStepState                          0x200001b4   Data           1  os_core.o(.data)
    OSQFreeList                              0x200001b8   Data           4  os_core.o(.data)
    OSTime                                   0x200001bc   Data           4  os_core.o(.data)
    MDBS_TASK_STK                            0x200001c0   Data         512  main.o(.bss)
    IWDG_TASK_STK                            0x200003c0   Data         256  main.o(.bss)
    LED_TASK_STK                             0x200004c0   Data         256  main.o(.bss)
    ADC_TASK_STK                             0x200005c0   Data        2000  main.o(.bss)
    START_TASK_STK                           0x20000d90   Data         256  main.o(.bss)
    value                                    0x20000e90   Data          38  main.o(.bss)
    receBuf                                  0x20000eb6   Data         100  usart.o(.bss)
    sendBuf                                  0x20000f1a   Data          10  usart.o(.bss)
    USART_RX_BUF                             0x20000f24   Data         200  usart.o(.bss)
    SPI_InitStructure                        0x20000fec   Data          18  spi.o(.bss)
    enc28j60_dev                             0x20001000   Data          16  enc28j60.o(.bss)
    mem1base                                 0x20001010   Data       33792  malloc.o(.bss)
    mem1mapbase                              0x20009410   Data        2112  malloc.o(.bss)
    lwipdev                                  0x20009c50   Data          23  lwip_comm.o(.bss)
    lwip_netif                               0x20009c68   Data          48  lwip_comm.o(.bss)
    tcp_client_recvbuf                       0x20009c98   Data         200  tcp_client_demo.o(.bss)
    tcp_client_sendbuf                       0x20009d60   Data        1044  tcp_client_demo.o(.bss)
    TCPCLIENT_TASK_STK                       0x2000a174   Data        1200  tcp_client_demo.o(.bss)
    OSEventTbl                               0x2000a7a8   Data         360  os_core.o(.bss)
    OSFlagTbl                                0x2000a910   Data          80  os_core.o(.bss)
    OSTaskStatStk                            0x2000a960   Data         256  os_core.o(.bss)
    OSTaskIdleStk                            0x2000aa60   Data         256  os_core.o(.bss)
    OSTCBPrioTbl                             0x2000ab60   Data         256  os_core.o(.bss)
    OSTCBTbl                                 0x2000ac60   Data        1848  os_core.o(.bss)
    OSQTbl                                   0x2000b398   Data         120  os_core.o(.bss)
    __libspace_start                         0x2000b410   Data          96  libspace.o(.bss)
    __temporary_stack_top$libspace           0x2000b470   Data           0  libspace.o(.bss)
    mem2base                                 0x68000000   Data         128  malloc.o(.ARM.__AT_0x68000000)
    mem2mapbase                              0x68000080   Data           8  malloc.o(.ARM.__AT_0x68000080)



==============================================================================

Memory Map of the image

  Image Entry point : 0x08000131

  Load Region LR_IROM1 (Base: 0x08000000, Size: 0x00016240, Max: 0x00040000, ABSOLUTE, COMPRESSED[0x000160f0])

    Execution Region ER_IROM1 (Base: 0x08000000, Size: 0x00016080, Max: 0x00040000, ABSOLUTE)

    Base Addr    Size         Type   Attr      Idx    E Section Name        Object

    0x08000000   0x00000130   Data   RO          303    RESET               startup_stm32f10x_hd.o
    0x08000130   0x00000008   Code   RO         1594  * !!!main             c_w.l(__main.o)
    0x08000138   0x00000034   Code   RO         1773    !!!scatter          c_w.l(__scatter.o)
    0x0800016c   0x0000005a   Code   RO         1771    !!dczerorl2         c_w.l(__dczerorl2.o)
    0x080001c6   0x00000002   PAD
    0x080001c8   0x0000001c   Code   RO         1775    !!handler_zi        c_w.l(__scatter_zi.o)
    0x080001e4   0x00000000   Code   RO         1577    .ARM.Collect$$_printf_percent$$00000000  c_w.l(_printf_percent.o)
    0x080001e4   0x00000006   Code   RO         1576    .ARM.Collect$$_printf_percent$$00000009  c_w.l(_printf_d.o)
    0x080001ea   0x00000006   Code   RO         1575    .ARM.Collect$$_printf_percent$$00000014  c_w.l(_printf_s.o)
    0x080001f0   0x00000004   Code   RO         1610    .ARM.Collect$$_printf_percent$$00000017  c_w.l(_printf_percent_end.o)
    0x080001f4   0x00000002   Code   RO         1696    .ARM.Collect$$libinit$$00000000  c_w.l(libinit.o)
    0x080001f6   0x00000000   Code   RO         1639    .ARM.Collect$$libinit$$00000002  c_w.l(libinit2.o)
    0x080001f6   0x00000000   Code   RO         1641    .ARM.Collect$$libinit$$00000004  c_w.l(libinit2.o)
    0x080001f6   0x00000000   Code   RO         1644    .ARM.Collect$$libinit$$0000000A  c_w.l(libinit2.o)
    0x080001f6   0x00000000   Code   RO         1646    .ARM.Collect$$libinit$$0000000C  c_w.l(libinit2.o)
    0x080001f6   0x00000000   Code   RO         1648    .ARM.Collect$$libinit$$0000000E  c_w.l(libinit2.o)
    0x080001f6   0x00000006   Code   RO         1649    .ARM.Collect$$libinit$$0000000F  c_w.l(libinit2.o)
    0x080001fc   0x00000000   Code   RO         1651    .ARM.Collect$$libinit$$00000011  c_w.l(libinit2.o)
    0x080001fc   0x0000000c   Code   RO         1652    .ARM.Collect$$libinit$$00000012  c_w.l(libinit2.o)
    0x08000208   0x00000000   Code   RO         1653    .ARM.Collect$$libinit$$00000013  c_w.l(libinit2.o)
    0x08000208   0x00000000   Code   RO         1655    .ARM.Collect$$libinit$$00000015  c_w.l(libinit2.o)
    0x08000208   0x00000000   Code   RO         1657    .ARM.Collect$$libinit$$00000017  c_w.l(libinit2.o)
    0x08000208   0x00000000   Code   RO         1659    .ARM.Collect$$libinit$$00000019  c_w.l(libinit2.o)
    0x08000208   0x00000000   Code   RO         1661    .ARM.Collect$$libinit$$0000001B  c_w.l(libinit2.o)
    0x08000208   0x00000000   Code   RO         1663    .ARM.Collect$$libinit$$0000001D  c_w.l(libinit2.o)
    0x08000208   0x00000000   Code   RO         1665    .ARM.Collect$$libinit$$0000001F  c_w.l(libinit2.o)
    0x08000208   0x00000000   Code   RO         1667    .ARM.Collect$$libinit$$00000021  c_w.l(libinit2.o)
    0x08000208   0x00000000   Code   RO         1669    .ARM.Collect$$libinit$$00000023  c_w.l(libinit2.o)
    0x08000208   0x00000000   Code   RO         1671    .ARM.Collect$$libinit$$00000025  c_w.l(libinit2.o)
    0x08000208   0x00000000   Code   RO         1675    .ARM.Collect$$libinit$$0000002C  c_w.l(libinit2.o)
    0x08000208   0x00000000   Code   RO         1677    .ARM.Collect$$libinit$$0000002E  c_w.l(libinit2.o)
    0x08000208   0x00000000   Code   RO         1679    .ARM.Collect$$libinit$$00000030  c_w.l(libinit2.o)
    0x08000208   0x00000000   Code   RO         1681    .ARM.Collect$$libinit$$00000032  c_w.l(libinit2.o)
    0x08000208   0x00000002   Code   RO         1682    .ARM.Collect$$libinit$$00000033  c_w.l(libinit2.o)
    0x0800020a   0x00000002   Code   RO         1729    .ARM.Collect$$libshutdown$$00000000  c_w.l(libshutdown.o)
    0x0800020c   0x00000000   Code   RO         1736    .ARM.Collect$$libshutdown$$00000003  c_w.l(libshutdown2.o)
    0x0800020c   0x00000000   Code   RO         1739    .ARM.Collect$$libshutdown$$00000006  c_w.l(libshutdown2.o)
    0x0800020c   0x00000000   Code   RO         1742    .ARM.Collect$$libshutdown$$00000009  c_w.l(libshutdown2.o)
    0x0800020c   0x00000000   Code   RO         1744    .ARM.Collect$$libshutdown$$0000000B  c_w.l(libshutdown2.o)
    0x0800020c   0x00000000   Code   RO         1747    .ARM.Collect$$libshutdown$$0000000E  c_w.l(libshutdown2.o)
    0x0800020c   0x00000002   Code   RO         1748    .ARM.Collect$$libshutdown$$0000000F  c_w.l(libshutdown2.o)
    0x0800020e   0x00000000   Code   RO         1598    .ARM.Collect$$rtentry$$00000000  c_w.l(__rtentry.o)
    0x0800020e   0x00000000   Code   RO         1618    .ARM.Collect$$rtentry$$00000002  c_w.l(__rtentry2.o)
    0x0800020e   0x00000006   Code   RO         1630    .ARM.Collect$$rtentry$$00000004  c_w.l(__rtentry4.o)
    0x08000214   0x00000000   Code   RO         1620    .ARM.Collect$$rtentry$$00000009  c_w.l(__rtentry2.o)
    0x08000214   0x00000004   Code   RO         1621    .ARM.Collect$$rtentry$$0000000A  c_w.l(__rtentry2.o)
    0x08000218   0x00000000   Code   RO         1623    .ARM.Collect$$rtentry$$0000000C  c_w.l(__rtentry2.o)
    0x08000218   0x00000008   Code   RO         1624    .ARM.Collect$$rtentry$$0000000D  c_w.l(__rtentry2.o)
    0x08000220   0x00000002   Code   RO         1699    .ARM.Collect$$rtexit$$00000000  c_w.l(rtexit.o)
    0x08000222   0x00000000   Code   RO         1708    .ARM.Collect$$rtexit$$00000002  c_w.l(rtexit2.o)
    0x08000222   0x00000004   Code   RO         1709    .ARM.Collect$$rtexit$$00000003  c_w.l(rtexit2.o)
    0x08000226   0x00000006   Code   RO         1710    .ARM.Collect$$rtexit$$00000004  c_w.l(rtexit2.o)
    0x0800022c   0x00000218   Code   RO            1    .text               main.o
    0x08000444   0x00000016   Code   RO          231    .text               stm32f10x_it.o
    0x0800045a   0x00000002   PAD
    0x0800045c   0x000001e0   Code   RO          272    .text               system_stm32f10x.o
    0x0800063c   0x00000040   Code   RO          304    .text               startup_stm32f10x_hd.o
    0x0800067c   0x000000dc   Code   RO          308    .text               misc.o
    0x08000758   0x000003a4   Code   RO          320    .text               stm32f10x_rcc.o
    0x08000afc   0x0000030c   Code   RO          334    .text               stm32f10x_spi.o
    0x08000e08   0x00000408   Code   RO          346    .text               stm32f10x_usart.o
    0x08001210   0x0000035c   Code   RO          358    .text               stm32f10x_gpio.o
    0x0800156c   0x00000e1a   Code   RO          382    .text               stm32f10x_tim.o
    0x08002386   0x00000002   PAD
    0x08002388   0x0000011c   Code   RO          394    .text               stm32f10x_exti.o
    0x080024a4   0x00000040   Code   RO          418    .text               stm32f10x_iwdg.o
    0x080024e4   0x0000044e   Code   RO          430    .text               stm32f10x_adc.o
    0x08002932   0x00000002   PAD
    0x08002934   0x00000254   Code   RO          442    .text               stm32f10x_dma.o
    0x08002b88   0x00000130   Code   RO          454    .text               delay.o
    0x08002cb8   0x000002d4   Code   RO          494    .text               usart.o
    0x08002f8c   0x00000038   Code   RO          517    .text               led.o
    0x08002fc4   0x00000238   Code   RO          529    .text               spi.o
    0x080031fc   0x00000780   Code   RO          548    .text               enc28j60.o
    0x0800397c   0x00000074   Code   RO          570    .text               timer.o
    0x080039f0   0x0000002c   Code   RO          595    .text               wdg.o
    0x08003a1c   0x00000268   Code   RO          607    .text               master.o
    0x08003c84   0x00000130   Code   RO          628    .text               adc.o
    0x08003db4   0x00000234   Code   RO          643    .text               malloc.o
    0x08003fe8   0x0000033c   Code   RO          665    .text               lwip_comm.o
    0x08004324   0x000002e8   Code   RO          758    .text               tcp_client_demo.o
    0x0800460c   0x00000e7c   Code   RO          816    .text               etharp.o
    0x08005488   0x00000214   Code   RO          846    .text               ethernetif.o
    0x0800569c   0x00000444   Code   RO          882    .text               icmp.o
    0x08005ae0   0x000002b4   Code   RO          912    .text               inet_chksum.o
    0x08005d94   0x00000458   Code   RO          924    .text               ip.o
    0x080061ec   0x0000032c   Code   RO          958    .text               ip_addr.o
    0x08006518   0x00000a28   Code   RO          987    .text               ip_frag.o
    0x08006f40   0x0000003e   Code   RO         1001    .text               def.o
    0x08006f7e   0x00000024   Code   RO         1025    .text               init.o
    0x08006fa2   0x00000002   PAD
    0x08006fa4   0x00000744   Code   RO         1052    .text               mem.o
    0x080076e8   0x000001d4   Code   RO         1067    .text               memp.o
    0x080078bc   0x00000334   Code   RO         1100    .text               netif.o
    0x08007bf0   0x0000113a   Code   RO         1122    .text               pbuf.o
    0x08008d2a   0x00000002   PAD
    0x08008d2c   0x0000024c   Code   RO         1137    .text               raw.o
    0x08008f78   0x00001530   Code   RO         1157    .text               tcp.o
    0x0800a4a8   0x00001db8   Code   RO         1181    .text               tcp_in.o
    0x0800c260   0x000013a2   Code   RO         1204    .text               tcp_out.o
    0x0800d602   0x00000002   PAD
    0x0800d604   0x000002dc   Code   RO         1217    .text               timers.o
    0x0800d8e0   0x000005fc   Code   RO         1231    .text               udp.o
    0x0800dedc   0x000003d4   Code   RO         1249    .text               sys_arch.o
    0x0800e2b0   0x00000bfc   Code   RO         1274    .text               api_lib.o
    0x0800eeac   0x000017c0   Code   RO         1305    .text               api_msg.o
    0x0801066c   0x000003b0   Code   RO         1332    .text               netbuf.o
    0x08010a1c   0x00001c58   Code   RO         1359    .text               sockets.o
    0x08012674   0x000003b8   Code   RO         1375    .text               tcpip.o
    0x08012a2c   0x00000964   Code   RO         1398    .text               os_core.o
    0x08013390   0x0000080c   Code   RO         1418    .text               os_flag.o
    0x08013b9c   0x000003e0   Code   RO         1430    .text               os_mbox.o
    0x08013f7c   0x000005f8   Code   RO         1460    .text               os_q.o
    0x08014574   0x0000039c   Code   RO         1472    .text               os_sem.o
    0x08014910   0x000007c4   Code   RO         1484    .text               os_task.o
    0x080150d4   0x000001b0   Code   RO         1496    .text               os_time.o
    0x08015284   0x000000b4   Code   RO         1514    .text               os_cpu_a.o
    0x08015338   0x000000ae   Code   RO         1517    .text               os_cpu_c.o
    0x080153e6   0x00000002   Code   RO         1541    .text               c_w.l(use_no_semi_2.o)
    0x080153e8   0x00000010   Code   RO         1543    .text               c_w.l(rt_ctype_table.o)
    0x080153f8   0x00000018   Code   RO         1547    .text               c_w.l(noretval__2printf.o)
    0x08015410   0x00000068   Code   RO         1549    .text               c_w.l(__printf.o)
    0x08015478   0x00000052   Code   RO         1551    .text               c_w.l(_printf_str.o)
    0x080154ca   0x00000002   PAD
    0x080154cc   0x00000078   Code   RO         1553    .text               c_w.l(_printf_dec.o)
    0x08015544   0x00000058   Code   RO         1578    .text               c_w.l(memcmp.o)
    0x0801559c   0x0000003e   Code   RO         1580    .text               c_w.l(strlen.o)
    0x080155da   0x0000008a   Code   RO         1582    .text               c_w.l(rt_memcpy_v6.o)
    0x08015664   0x00000064   Code   RO         1584    .text               c_w.l(rt_memcpy_w.o)
    0x080156c8   0x00000044   Code   RO         1586    .text               c_w.l(rt_memclr.o)
    0x0801570c   0x0000004e   Code   RO         1588    .text               c_w.l(rt_memclr_w.o)
    0x0801575a   0x00000002   PAD
    0x0801575c   0x00000080   Code   RO         1590    .text               c_w.l(strcmpv7m.o)
    0x080157dc   0x00000006   Code   RO         1592    .text               c_w.l(heapauxi.o)
    0x080157e2   0x00000002   Code   RO         1596    .text               c_w.l(use_no_semi.o)
    0x080157e4   0x00000008   Code   RO         1602    .text               c_w.l(rt_locale_intlibspace.o)
    0x080157ec   0x000000b2   Code   RO         1604    .text               c_w.l(_printf_intcommon.o)
    0x0801589e   0x0000002c   Code   RO         1606    .text               c_w.l(_printf_char.o)
    0x080158ca   0x00000002   PAD
    0x080158cc   0x00000024   Code   RO         1608    .text               c_w.l(_printf_char_file.o)
    0x080158f0   0x00000008   Code   RO         1614    .text               c_w.l(libspace.o)
    0x080158f8   0x00000030   Code   RO         1632    .text               c_w.l(_printf_char_common.o)
    0x08015928   0x00000008   Code   RO         1634    .text               c_w.l(ferror.o)
    0x08015930   0x0000004a   Code   RO         1683    .text               c_w.l(sys_stackheap_outer.o)
    0x0801597a   0x0000000c   Code   RO         1687    .text               c_w.l(exit.o)
    0x08015986   0x00000002   PAD
    0x08015988   0x0000002c   Code   RO         1612    locale$$code        c_w.l(lc_ctype_c.o)
    0x080159b4   0x00000200   Data   RO          608    .constdata          master.o
    0x08015bb4   0x00000018   Data   RO          647    .constdata          malloc.o
    0x08015bcc   0x0000000c   Data   RO          818    .constdata          etharp.o
    0x08015bd8   0x00000038   Data   RO         1069    .constdata          memp.o
    0x08015c10   0x00000050   Data   RO         1158    .constdata          tcp.o
    0x08015c60   0x00000004   Data   RO         1250    .constdata          sys_arch.o
    0x08015c64   0x00000040   Data   RO         1361    .constdata          sockets.o
    0x08015ca4   0x00000100   Data   RO         1400    .constdata          os_core.o
    0x08015da4   0x00000044   Data   RO          819    .conststring        etharp.o
    0x08015de8   0x000000a0   Data   RO         1070    .conststring        memp.o
    0x08015e88   0x0000006d   Data   RO         1159    .conststring        tcp.o
    0x08015ef5   0x00000003   PAD
    0x08015ef8   0x00000055   Data   RO         1205    .conststring        tcp_out.o
    0x08015f4d   0x00000003   PAD
    0x08015f50   0x00000020   Data   RO         1769    Region$$Table       anon$$obj.o
    0x08015f70   0x00000110   Data   RO         1611    locale$$data        c_w.l(lc_ctype_c.o)


    Execution Region RW_IRAM1 (Base: 0x20000000, Size: 0x0000ba70, Max: 0x0000c000, ABSOLUTE, COMPRESSED[0x00000070])

    Base Addr    Size         Type   Attr      Idx    E Section Name        Object

    0x20000000   0x00000010   Data   RW            3    .data               main.o
    0x20000010   0x00000014   Data   RW          273    .data               system_stm32f10x.o
    0x20000024   0x00000014   Data   RW          321    .data               stm32f10x_rcc.o
    0x20000038   0x00000004   Data   RW          455    .data               delay.o
    0x2000003c   0x0000000a   Data   RW          496    .data               usart.o
    0x20000046   0x00000003   Data   RW          609    .data               master.o
    0x20000049   0x00000001   PAD
    0x2000004a   0x00000004   Data   RW          629    .data               adc.o
    0x2000004e   0x00000002   PAD
    0x20000050   0x0000001c   Data   RW          648    .data               malloc.o
    0x2000006c   0x00000010   Data   RW          667    .data               lwip_comm.o
    0x2000007c   0x00000014   Data   RW          760    .data               tcp_client_demo.o
    0x20000090   0x00000001   Data   RW          820    .data               etharp.o
    0x20000091   0x00000003   PAD
    0x20000094   0x00000012   Data   RW          925    .data               ip.o
    0x200000a6   0x00000002   PAD
    0x200000a8   0x00000006   Data   RW          988    .data               ip_frag.o
    0x200000ae   0x00000002   PAD
    0x200000b0   0x00000014   Data   RW         1053    .data               mem.o
    0x200000c4   0x0000003c   Data   RW         1071    .data               memp.o
    0x20000100   0x00000009   Data   RW         1101    .data               netif.o
    0x20000109   0x00000001   Data   RW         1123    .data               pbuf.o
    0x2000010a   0x00000002   PAD
    0x2000010c   0x00000004   Data   RW         1138    .data               raw.o
    0x20000110   0x00000024   Data   RW         1160    .data               tcp.o
    0x20000134   0x00000020   Data   RW         1183    .data               tcp_in.o
    0x20000154   0x00000008   Data   RW         1218    .data               timers.o
    0x2000015c   0x00000008   Data   RW         1232    .data               udp.o
    0x20000164   0x00000008   Data   RW         1362    .data               sockets.o
    0x2000016c   0x0000000c   Data   RW         1376    .data               tcpip.o
    0x20000178   0x00000048   Data   RW         1401    .data               os_core.o
    0x200001c0   0x00000cf6   Zero   RW            2    .bss                main.o
    0x20000eb6   0x00000136   Zero   RW          495    .bss                usart.o
    0x20000fec   0x00000012   Zero   RW          530    .bss                spi.o
    0x20000ffe   0x00000002   PAD
    0x20001000   0x00000010   Zero   RW          549    .bss                enc28j60.o
    0x20001010   0x00008c40   Zero   RW          646    .bss                malloc.o
    0x20009c50   0x00000048   Zero   RW          666    .bss                lwip_comm.o
    0x20009c98   0x0000098c   Zero   RW          759    .bss                tcp_client_demo.o
    0x2000a624   0x000000c8   Zero   RW          817    .bss                etharp.o
    0x2000a6ec   0x00000010   Zero   RW          959    .bss                ip_addr.o
    0x2000a6fc   0x00000038   Zero   RW         1068    .bss                memp.o
    0x2000a734   0x00000014   Zero   RW         1182    .bss                tcp_in.o
    0x2000a748   0x00000060   Zero   RW         1360    .bss                sockets.o
    0x2000a7a8   0x00000c68   Zero   RW         1399    .bss                os_core.o
    0x2000b410   0x00000060   Zero   RW         1615    .bss                c_w.l(libspace.o)
    0x2000b470   0x00000200   Zero   RW          302    HEAP                startup_stm32f10x_hd.o
    0x2000b670   0x00000400   Zero   RW          301    STACK               startup_stm32f10x_hd.o



  Load Region LR$$.ARM.__AT_0x68000000 (Base: 0x68000000, Size: 0x00000000, Max: 0x00000080, ABSOLUTE)

    Execution Region ER$$.ARM.__AT_0x68000000 (Base: 0x68000000, Size: 0x00000080, Max: 0x00000080, ABSOLUTE, UNINIT)

    Base Addr    Size         Type   Attr      Idx    E Section Name        Object

    0x68000000   0x00000080   Zero   RW          644    .ARM.__AT_0x68000000  malloc.o



  Load Region LR$$.ARM.__AT_0x68000080 (Base: 0x68000080, Size: 0x00000000, Max: 0x00000008, ABSOLUTE)

    Execution Region ER$$.ARM.__AT_0x68000080 (Base: 0x68000080, Size: 0x00000008, Max: 0x00000008, ABSOLUTE, UNINIT)

    Base Addr    Size         Type   Attr      Idx    E Section Name        Object

    0x68000080   0x00000008   Zero   RW          645    .ARM.__AT_0x68000080  malloc.o


==============================================================================

Image component sizes


      Code (inc. data)   RO Data    RW Data    ZI Data      Debug   Object Name

       304         16          0          4          0       1630   adc.o
      3068        818          0          0          0      17821   api_lib.o
      6080       1222          0          0          0      10235   api_msg.o
         0          0          0          0          0         32   core_cm3.o
        62          0          0          0          0       1126   def.o
       304         24          0          4          0       3017   delay.o
      1920        168          0          0         16      10439   enc28j60.o
      3708        604         80          1        200       9943   etharp.o
       532        178          0          0          0       4770   ethernetif.o
      1092        372          0          0          0       2730   icmp.o
         0          0          0          0          0       1904   inet.o
       692        104          0          0          0       3033   inet_chksum.o
        36          0          0          0          0       4616   init.o
      1112        172          0         18          0       7055   ip.o
       812        112          0          0         16       9223   ip_addr.o
      2600        486          0          6          0       6780   ip_frag.o
        56          6          0          0          0        511   led.o
       828        288          0         16         72      23858   lwip_comm.o
       536        112          0         16       3318     299981   main.o
       564         18         24         28      36040       4636   malloc.o
       616         46        512          3          0       3280   master.o
      1860        568          0         20          0       4206   mem.o
       468        196        216         60         56       3052   memp.o
       220         22          0          0          0       1881   misc.o
       944        340          0          0          0       3041   netbuf.o
       820        126          0          9          0       6237   netif.o
      2404        238        256         72       3176      15705   os_core.o
       180         36          0          0          0        344   os_cpu_a.o
       174          0          0          0          0      10522   os_cpu_c.o
      2060         42          0          0          0       6836   os_flag.o
       992         22          0          0          0       4182   os_mbox.o
      1528         34          0          0          0       5577   os_q.o
       924         20          0          0          0       3922   os_sem.o
      1988         70          0          0          0       7501   os_task.o
       432         30          0          0          0       1798   os_time.o
      4410       1248          0          1          0      10431   pbuf.o
       588        134          0          4          0       3397   raw.o
      7256        666         64          8         96      17534   sockets.o
       568         30          0          0         18       2467   spi.o
        64         26        304          0       1536        812   startup_stm32f10x_hd.o
      1102         26          0          0          0      10917   stm32f10x_adc.o
       596          8          0          0          0       4414   stm32f10x_dma.o
       284         10          0          0          0       2319   stm32f10x_exti.o
       860         38          0          0          0       5733   stm32f10x_gpio.o
        22          0          0          0          0       1027   stm32f10x_it.o
        64          6          0          0          0       1309   stm32f10x_iwdg.o
       932         36          0         20          0       8940   stm32f10x_rcc.o
       780         14          0          0          0       6610   stm32f10x_spi.o
      3610         88          0          0          0      22216   stm32f10x_tim.o
      1032         22          0          0          0       8452   stm32f10x_usart.o
       980        166          4          0          0       6354   sys_arch.o
       480         38          0         20          0       1823   system_stm32f10x.o
      5424       1124        189         36          0      22024   tcp.o
       744        214          0         20       2444      10616   tcp_client_demo.o
      7608       1072          0         32         20      16211   tcp_in.o
      5026        954         85          0          0       9763   tcp_out.o
       952        194          0         12          0      10076   tcpip.o
       116          6          0          0          0        788   timer.o
       732        178          0          8          0       3331   timers.o
      1532        202          0          8          0       7006   udp.o
       724         46          0         10        310       4259   usart.o
        44          0          0          0          0        670   wdg.o

    ----------------------------------------------------------------------
     86458      13036       1772        448      47320     700923   Object Totals
         0          0         32          0          0          0   (incl. Generated)
        12          0          6         12          2          0   (incl. Padding)

    ----------------------------------------------------------------------

      Code (inc. data)   RO Data    RW Data    ZI Data      Debug   Library Member Name

        90          0          0          0          0          0   __dczerorl2.o
         8          0          0          0          0         68   __main.o
       104          0          0          0          0         84   __printf.o
         0          0          0          0          0          0   __rtentry.o
        12          0          0          0          0          0   __rtentry2.o
         6          0          0          0          0          0   __rtentry4.o
        52          8          0          0          0          0   __scatter.o
        28          0          0          0          0          0   __scatter_zi.o
        44          0          0          0          0        108   _printf_char.o
        48          6          0          0          0         96   _printf_char_common.o
        36          4          0          0          0         80   _printf_char_file.o
         6          0          0          0          0          0   _printf_d.o
       120         16          0          0          0         92   _printf_dec.o
       178          0          0          0          0         88   _printf_intcommon.o
         0          0          0          0          0          0   _printf_percent.o
         4          0          0          0          0          0   _printf_percent_end.o
         6          0          0          0          0          0   _printf_s.o
        82          0          0          0          0         80   _printf_str.o
        12          0          0          0          0         72   exit.o
         8          0          0          0          0         68   ferror.o
         6          0          0          0          0        152   heapauxi.o
        44         10        272          0          0         76   lc_ctype_c.o
         2          0          0          0          0          0   libinit.o
        20          0          0          0          0          0   libinit2.o
         2          0          0          0          0          0   libshutdown.o
         2          0          0          0          0          0   libshutdown2.o
         8          4          0          0         96         68   libspace.o
        88          0          0          0          0         76   memcmp.o
        24          4          0          0          0         84   noretval__2printf.o
        16          4          0          0          0         76   rt_ctype_table.o
         8          4          0          0          0         68   rt_locale_intlibspace.o
        68          0          0          0          0         68   rt_memclr.o
        78          0          0          0          0         80   rt_memclr_w.o
       138          0          0          0          0         68   rt_memcpy_v6.o
       100          0          0          0          0         80   rt_memcpy_w.o
         2          0          0          0          0          0   rtexit.o
        10          0          0          0          0          0   rtexit2.o
       128          0          0          0          0         68   strcmpv7m.o
        62          0          0          0          0         76   strlen.o
        74          0          0          0          0         80   sys_stackheap_outer.o
         2          0          0          0          0         68   use_no_semi.o
         2          0          0          0          0         68   use_no_semi_2.o

    ----------------------------------------------------------------------
      1738         60        272          0         96       2092   Library Totals
        10          0          0          0          0          0   (incl. Padding)

    ----------------------------------------------------------------------

      Code (inc. data)   RO Data    RW Data    ZI Data      Debug   Library Name

      1728         60        272          0         96       2092   c_w.l

    ----------------------------------------------------------------------
      1738         60        272          0         96       2092   Library Totals

    ----------------------------------------------------------------------

==============================================================================


      Code (inc. data)   RO Data    RW Data    ZI Data      Debug   

     88196      13096       2044        448      47416     696771   Grand Totals
     88196      13096       2044        112      47416     696771   ELF Image Totals (compressed)
     88196      13096       2044        112          0          0   ROM Totals

==============================================================================

    Total RO  Size (Code + RO Data)                90240 (  88.13kB)
    Total RW  Size (RW Data + ZI Data)             47864 (  46.74kB)
    Total ROM Size (Code + RO Data + RW Data)      90352 (  88.23kB)

==============================================================================

